login as: ec2-user
Authenticating with public key "imported-openssh-key"
[ec2-user@ip-172-31-18-38 ~]$ sudo -i
[root@ip-172-31-18-38 ~]# git clone https://github.com/saiunanimous/krishna-nani.git
-bash: git: command not found
[root@ip-172-31-18-38 ~]# gi install git
-bash: gi: command not found
[root@ip-172-31-18-38 ~]# yum install git
Updating Subscription Management repositories.
Unable to read consumer identity

This system is not registered to Red Hat Subscription Management. You can use subscription-manager to register.

Red Hat Update Infrastructure 3 Client Configuration Server 8                                                                 14 kB/s | 3.8 kB     00:00
Red Hat Enterprise Linux 8 for x86_64 - AppStream from RHUI (RPMs)                                                            47 MB/s |  31 MB     00:00
Red Hat Enterprise Linux 8 for x86_64 - BaseOS from RHUI (RPMs)                                                               49 MB/s |  32 MB     00:00
Dependencies resolved.
=============================================================================================================================================================
 Package                             Architecture        Version                                               Repository                               Size
=============================================================================================================================================================
Installing:
 git                                 x86_64              2.27.0-1.el8                                          rhel-8-appstream-rhui-rpms              164 k
Installing dependencies:
 emacs-filesystem                    noarch              1:26.1-5.el8                                          rhel-8-baseos-rhui-rpms                  69 k
 git-core                            x86_64              2.27.0-1.el8                                          rhel-8-appstream-rhui-rpms              5.7 M
 git-core-doc                        noarch              2.27.0-1.el8                                          rhel-8-appstream-rhui-rpms              2.5 M
 perl-Carp                           noarch              1.42-396.el8                                          rhel-8-baseos-rhui-rpms                  30 k
 perl-Data-Dumper                    x86_64              2.167-399.el8                                         rhel-8-baseos-rhui-rpms                  58 k
 perl-Digest                         noarch              1.17-395.el8                                          rhel-8-appstream-rhui-rpms               27 k
 perl-Digest-MD5                     x86_64              2.55-396.el8                                          rhel-8-appstream-rhui-rpms               37 k
 perl-Encode                         x86_64              4:2.97-3.el8                                          rhel-8-baseos-rhui-rpms                 1.5 M
 perl-Errno                          x86_64              1.28-419.el8                                          rhel-8-baseos-rhui-rpms                  76 k
 perl-Error                          noarch              1:0.17025-2.el8                                       rhel-8-appstream-rhui-rpms               46 k
 perl-Exporter                       noarch              5.72-396.el8                                          rhel-8-baseos-rhui-rpms                  34 k
 perl-File-Path                      noarch              2.15-2.el8                                            rhel-8-baseos-rhui-rpms                  38 k
 perl-File-Temp                      noarch              0.230.600-1.el8                                       rhel-8-baseos-rhui-rpms                  63 k
 perl-Getopt-Long                    noarch              1:2.50-4.el8                                          rhel-8-baseos-rhui-rpms                  63 k
 perl-Git                            noarch              2.27.0-1.el8                                          rhel-8-appstream-rhui-rpms               78 k
 perl-HTTP-Tiny                      noarch              0.074-1.el8                                           rhel-8-baseos-rhui-rpms                  58 k
 perl-IO                             x86_64              1.38-419.el8                                          rhel-8-baseos-rhui-rpms                 142 k
 perl-MIME-Base64                    x86_64              3.15-396.el8                                          rhel-8-baseos-rhui-rpms                  31 k
 perl-Net-SSLeay                     x86_64              1.88-1.module+el8.3.0+6446+594cad75                   rhel-8-appstream-rhui-rpms              379 k
 perl-PathTools                      x86_64              3.74-1.el8                                            rhel-8-baseos-rhui-rpms                  90 k
 perl-Pod-Escapes                    noarch              1:1.07-395.el8                                        rhel-8-baseos-rhui-rpms                  20 k
 perl-Pod-Perldoc                    noarch              3.28-396.el8                                          rhel-8-baseos-rhui-rpms                  88 k
 perl-Pod-Simple                     noarch              1:3.35-395.el8                                        rhel-8-baseos-rhui-rpms                 213 k
 perl-Pod-Usage                      noarch              4:1.69-395.el8                                        rhel-8-baseos-rhui-rpms                  34 k
 perl-Scalar-List-Utils              x86_64              3:1.49-2.el8                                          rhel-8-baseos-rhui-rpms                  68 k
 perl-Socket                         x86_64              4:2.027-3.el8                                         rhel-8-baseos-rhui-rpms                  59 k
 perl-Storable                       x86_64              1:3.11-3.el8                                          rhel-8-baseos-rhui-rpms                  98 k
 perl-Term-ANSIColor                 noarch              4.06-396.el8                                          rhel-8-baseos-rhui-rpms                  46 k
 perl-Term-Cap                       noarch              1.17-395.el8                                          rhel-8-baseos-rhui-rpms                  23 k
 perl-TermReadKey                    x86_64              2.37-7.el8                                            rhel-8-appstream-rhui-rpms               40 k
 perl-Text-ParseWords                noarch              3.30-395.el8                                          rhel-8-baseos-rhui-rpms                  18 k
 perl-Text-Tabs+Wrap                 noarch              2013.0523-395.el8                                     rhel-8-baseos-rhui-rpms                  24 k
 perl-Time-Local                     noarch              1:1.280-1.el8                                         rhel-8-baseos-rhui-rpms                  34 k
 perl-URI                            noarch              1.73-3.el8                                            rhel-8-appstream-rhui-rpms              116 k
 perl-Unicode-Normalize              x86_64              1.25-396.el8                                          rhel-8-baseos-rhui-rpms                  82 k
 perl-constant                       noarch              1.33-396.el8                                          rhel-8-baseos-rhui-rpms                  25 k
 perl-interpreter                    x86_64              4:5.26.3-419.el8                                      rhel-8-baseos-rhui-rpms                 6.3 M
 perl-libnet                         noarch              3.11-3.el8                                            rhel-8-appstream-rhui-rpms              121 k
 perl-libs                           x86_64              4:5.26.3-419.el8                                      rhel-8-baseos-rhui-rpms                 1.6 M
 perl-macros                         x86_64              4:5.26.3-419.el8                                      rhel-8-baseos-rhui-rpms                  72 k
 perl-parent                         noarch              1:0.237-1.el8                                         rhel-8-baseos-rhui-rpms                  20 k
 perl-podlators                      noarch              4.11-1.el8                                            rhel-8-baseos-rhui-rpms                 118 k
 perl-threads                        x86_64              1:2.21-2.el8                                          rhel-8-baseos-rhui-rpms                  61 k
 perl-threads-shared                 x86_64              1.58-2.el8                                            rhel-8-baseos-rhui-rpms                  48 k
Installing weak dependencies:
 perl-IO-Socket-IP                   noarch              0.39-5.el8                                            rhel-8-appstream-rhui-rpms               47 k
 perl-IO-Socket-SSL                  noarch              2.066-4.module+el8.3.0+6446+594cad75                  rhel-8-appstream-rhui-rpms              298 k
 perl-Mozilla-CA                     noarch              20160104-7.module+el8.3.0+6498+9eecfe51               rhel-8-appstream-rhui-rpms               15 k
Enabling module streams:
 perl                                                    5.26
 perl-IO-Socket-SSL                                      2.066
 perl-libwww-perl                                        6.34

Transaction Summary
=============================================================================================================================================================
Install  48 Packages

Total download size: 21 M
Installed size: 80 M
Is this ok [y/N]: yes
Downloading Packages:
(1/48): perl-Git-2.27.0-1.el8.noarch.rpm                                                                                     578 kB/s |  78 kB     00:00
(2/48): git-2.27.0-1.el8.x86_64.rpm                                                                                          1.1 MB/s | 164 kB     00:00
(3/48): perl-libnet-3.11-3.el8.noarch.rpm                                                                                    839 kB/s | 121 kB     00:00
(4/48): perl-TermReadKey-2.37-7.el8.x86_64.rpm                                                                               405 kB/s |  40 kB     00:00
(5/48): perl-URI-1.73-3.el8.noarch.rpm                                                                                       1.0 MB/s | 116 kB     00:00
(6/48): perl-Net-SSLeay-1.88-1.module+el8.3.0+6446+594cad75.x86_64.rpm                                                       3.0 MB/s | 379 kB     00:00
(7/48): perl-Error-0.17025-2.el8.noarch.rpm                                                                                  470 kB/s |  46 kB     00:00
(8/48): perl-Digest-1.17-395.el8.noarch.rpm                                                                                  277 kB/s |  27 kB     00:00
(9/48): perl-Mozilla-CA-20160104-7.module+el8.3.0+6498+9eecfe51.noarch.rpm                                                   149 kB/s |  15 kB     00:00
(10/48): perl-IO-Socket-IP-0.39-5.el8.noarch.rpm                                                                             488 kB/s |  47 kB     00:00
(11/48): perl-IO-Socket-SSL-2.066-4.module+el8.3.0+6446+594cad75.noarch.rpm                                                  2.6 MB/s | 298 kB     00:00
(12/48): git-core-doc-2.27.0-1.el8.noarch.rpm                                                                                 13 MB/s | 2.5 MB     00:00
(13/48): perl-Digest-MD5-2.55-396.el8.x86_64.rpm                                                                             385 kB/s |  37 kB     00:00
(14/48): perl-libs-5.26.3-419.el8.x86_64.rpm                                                                                  11 MB/s | 1.6 MB     00:00
(15/48): perl-threads-shared-1.58-2.el8.x86_64.rpm                                                                           391 kB/s |  48 kB     00:00
(16/48): git-core-2.27.0-1.el8.x86_64.rpm                                                                                     25 MB/s | 5.7 MB     00:00
(17/48): perl-Errno-1.28-419.el8.x86_64.rpm                                                                                  659 kB/s |  76 kB     00:00
(18/48): perl-Getopt-Long-2.50-4.el8.noarch.rpm                                                                              520 kB/s |  63 kB     00:00
(19/48): perl-Carp-1.42-396.el8.noarch.rpm                                                                                   301 kB/s |  30 kB     00:00
(20/48): perl-constant-1.33-396.el8.noarch.rpm                                                                               256 kB/s |  25 kB     00:00
(21/48): perl-Data-Dumper-2.167-399.el8.x86_64.rpm                                                                           619 kB/s |  58 kB     00:00
(22/48): perl-Socket-2.027-3.el8.x86_64.rpm                                                                                  459 kB/s |  59 kB     00:00
(23/48): perl-Pod-Perldoc-3.28-396.el8.noarch.rpm                                                                            856 kB/s |  88 kB     00:00
(24/48): perl-Pod-Usage-1.69-395.el8.noarch.rpm                                                                              324 kB/s |  34 kB     00:00
(25/48): perl-Encode-2.97-3.el8.x86_64.rpm                                                                                   9.0 MB/s | 1.5 MB     00:00
(26/48): perl-Scalar-List-Utils-1.49-2.el8.x86_64.rpm                                                                        675 kB/s |  68 kB     00:00
(27/48): perl-Term-ANSIColor-4.06-396.el8.noarch.rpm                                                                         485 kB/s |  46 kB     00:00
(28/48): perl-PathTools-3.74-1.el8.x86_64.rpm                                                                                899 kB/s |  90 kB     00:00
(29/48): perl-podlators-4.11-1.el8.noarch.rpm                                                                                1.1 MB/s | 118 kB     00:00
(30/48): perl-interpreter-5.26.3-419.el8.x86_64.rpm                                                                           29 MB/s | 6.3 MB     00:00
(31/48): perl-IO-1.38-419.el8.x86_64.rpm                                                                                     1.3 MB/s | 142 kB     00:00
(32/48): perl-Time-Local-1.280-1.el8.noarch.rpm                                                                              318 kB/s |  34 kB     00:00
(33/48): perl-HTTP-Tiny-0.074-1.el8.noarch.rpm                                                                               605 kB/s |  58 kB     00:00
(34/48): perl-MIME-Base64-3.15-396.el8.x86_64.rpm                                                                            312 kB/s |  31 kB     00:00
(35/48): perl-parent-0.237-1.el8.noarch.rpm                                                                                  211 kB/s |  20 kB     00:00
(36/48): perl-Pod-Escapes-1.07-395.el8.noarch.rpm                                                                            212 kB/s |  20 kB     00:00
(37/48): emacs-filesystem-26.1-5.el8.noarch.rpm                                                                              701 kB/s |  69 kB     00:00
(38/48): perl-Storable-3.11-3.el8.x86_64.rpm                                                                                 912 kB/s |  98 kB     00:00
(39/48): perl-Text-Tabs+Wrap-2013.0523-395.el8.noarch.rpm                                                                    240 kB/s |  24 kB     00:00
(40/48): perl-Exporter-5.72-396.el8.noarch.rpm                                                                               243 kB/s |  34 kB     00:00
(41/48): perl-File-Temp-0.230.600-1.el8.noarch.rpm                                                                           597 kB/s |  63 kB     00:00
(42/48): perl-Unicode-Normalize-1.25-396.el8.x86_64.rpm                                                                      818 kB/s |  82 kB     00:00
(43/48): perl-macros-5.26.3-419.el8.x86_64.rpm                                                                               722 kB/s |  72 kB     00:00
(44/48): perl-File-Path-2.15-2.el8.noarch.rpm                                                                                377 kB/s |  38 kB     00:00
(45/48): perl-threads-2.21-2.el8.x86_64.rpm                                                                                  641 kB/s |  61 kB     00:00
(46/48): perl-Text-ParseWords-3.30-395.el8.noarch.rpm                                                                        185 kB/s |  18 kB     00:00
(47/48): perl-Term-Cap-1.17-395.el8.noarch.rpm                                                                               227 kB/s |  23 kB     00:00
(48/48): perl-Pod-Simple-3.35-395.el8.noarch.rpm                                                                             2.0 MB/s | 213 kB     00:00
-------------------------------------------------------------------------------------------------------------------------------------------------------------
Total                                                                                                                         10 MB/s |  21 MB     00:01
Running transaction check
Transaction check succeeded.
Running transaction test
Transaction test succeeded.
Running transaction
  Preparing        :                                                                                                                                     1/1
  Installing       : git-core-2.27.0-1.el8.x86_64                                                                                                       1/48
  Installing       : git-core-doc-2.27.0-1.el8.noarch                                                                                                   2/48
  Installing       : perl-Digest-1.17-395.el8.noarch                                                                                                    3/48
  Installing       : perl-Digest-MD5-2.55-396.el8.x86_64                                                                                                4/48
  Installing       : perl-Data-Dumper-2.167-399.el8.x86_64                                                                                              5/48
  Installing       : perl-libnet-3.11-3.el8.noarch                                                                                                      6/48
  Installing       : perl-Net-SSLeay-1.88-1.module+el8.3.0+6446+594cad75.x86_64                                                                         7/48
  Installing       : perl-URI-1.73-3.el8.noarch                                                                                                         8/48
  Installing       : perl-Mozilla-CA-20160104-7.module+el8.3.0+6498+9eecfe51.noarch                                                                     9/48
  Installing       : perl-Time-Local-1:1.280-1.el8.noarch                                                                                              10/48
  Installing       : perl-IO-Socket-IP-0.39-5.el8.noarch                                                                                               11/48
  Installing       : perl-Pod-Escapes-1:1.07-395.el8.noarch                                                                                            12/48
  Installing       : perl-IO-Socket-SSL-2.066-4.module+el8.3.0+6446+594cad75.noarch                                                                    13/48
  Installing       : perl-Term-ANSIColor-4.06-396.el8.noarch                                                                                           14/48
  Installing       : perl-File-Temp-0.230.600-1.el8.noarch                                                                                             15/48
  Installing       : perl-Term-Cap-1.17-395.el8.noarch                                                                                                 16/48
  Installing       : perl-Pod-Simple-1:3.35-395.el8.noarch                                                                                             17/48
  Installing       : perl-HTTP-Tiny-0.074-1.el8.noarch                                                                                                 18/48
  Installing       : perl-podlators-4.11-1.el8.noarch                                                                                                  19/48
  Installing       : perl-Pod-Perldoc-3.28-396.el8.noarch                                                                                              20/48
  Installing       : perl-Text-ParseWords-3.30-395.el8.noarch                                                                                          21/48
  Installing       : perl-Pod-Usage-4:1.69-395.el8.noarch                                                                                              22/48
  Installing       : perl-MIME-Base64-3.15-396.el8.x86_64                                                                                              23/48
  Installing       : perl-Storable-1:3.11-3.el8.x86_64                                                                                                 24/48
  Installing       : perl-Getopt-Long-1:2.50-4.el8.noarch                                                                                              25/48
  Installing       : perl-Errno-1.28-419.el8.x86_64                                                                                                    26/48
  Installing       : perl-Socket-4:2.027-3.el8.x86_64                                                                                                  27/48
  Installing       : perl-Encode-4:2.97-3.el8.x86_64                                                                                                   28/48
  Installing       : perl-parent-1:0.237-1.el8.noarch                                                                                                  29/48
  Installing       : perl-Carp-1.42-396.el8.noarch                                                                                                     30/48
  Installing       : perl-Scalar-List-Utils-3:1.49-2.el8.x86_64                                                                                        31/48
  Installing       : perl-Exporter-5.72-396.el8.noarch                                                                                                 32/48
  Installing       : perl-libs-4:5.26.3-419.el8.x86_64                                                                                                 33/48
  Installing       : perl-macros-4:5.26.3-419.el8.x86_64                                                                                               34/48
  Installing       : perl-threads-shared-1.58-2.el8.x86_64                                                                                             35/48
  Installing       : perl-PathTools-3.74-1.el8.x86_64                                                                                                  36/48
  Installing       : perl-constant-1.33-396.el8.noarch                                                                                                 37/48
  Installing       : perl-IO-1.38-419.el8.x86_64                                                                                                       38/48
  Installing       : perl-Text-Tabs+Wrap-2013.0523-395.el8.noarch                                                                                      39/48
  Installing       : perl-Unicode-Normalize-1.25-396.el8.x86_64                                                                                        40/48
  Installing       : perl-File-Path-2.15-2.el8.noarch                                                                                                  41/48
  Installing       : perl-threads-1:2.21-2.el8.x86_64                                                                                                  42/48
  Installing       : perl-interpreter-4:5.26.3-419.el8.x86_64                                                                                          43/48
  Installing       : perl-TermReadKey-2.37-7.el8.x86_64                                                                                                44/48
  Installing       : perl-Error-1:0.17025-2.el8.noarch                                                                                                 45/48
  Installing       : emacs-filesystem-1:26.1-5.el8.noarch                                                                                              46/48
  Installing       : git-2.27.0-1.el8.x86_64                                                                                                           47/48
  Installing       : perl-Git-2.27.0-1.el8.noarch                                                                                                      48/48
  Running scriptlet: perl-Git-2.27.0-1.el8.noarch                                                                                                      48/48
  Verifying        : perl-libnet-3.11-3.el8.noarch                                                                                                      1/48
  Verifying        : git-2.27.0-1.el8.x86_64                                                                                                            2/48
  Verifying        : perl-Git-2.27.0-1.el8.noarch                                                                                                       3/48
  Verifying        : perl-TermReadKey-2.37-7.el8.x86_64                                                                                                 4/48
  Verifying        : perl-Net-SSLeay-1.88-1.module+el8.3.0+6446+594cad75.x86_64                                                                         5/48
  Verifying        : perl-URI-1.73-3.el8.noarch                                                                                                         6/48
  Verifying        : perl-Error-1:0.17025-2.el8.noarch                                                                                                  7/48
  Verifying        : perl-Digest-1.17-395.el8.noarch                                                                                                    8/48
  Verifying        : perl-Mozilla-CA-20160104-7.module+el8.3.0+6498+9eecfe51.noarch                                                                     9/48
  Verifying        : git-core-doc-2.27.0-1.el8.noarch                                                                                                  10/48
  Verifying        : perl-IO-Socket-IP-0.39-5.el8.noarch                                                                                               11/48
  Verifying        : perl-IO-Socket-SSL-2.066-4.module+el8.3.0+6446+594cad75.noarch                                                                    12/48
  Verifying        : perl-Digest-MD5-2.55-396.el8.x86_64                                                                                               13/48
  Verifying        : git-core-2.27.0-1.el8.x86_64                                                                                                      14/48
  Verifying        : perl-libs-4:5.26.3-419.el8.x86_64                                                                                                 15/48
  Verifying        : perl-threads-shared-1.58-2.el8.x86_64                                                                                             16/48
  Verifying        : perl-Errno-1.28-419.el8.x86_64                                                                                                    17/48
  Verifying        : perl-Getopt-Long-1:2.50-4.el8.noarch                                                                                              18/48
  Verifying        : perl-Carp-1.42-396.el8.noarch                                                                                                     19/48
  Verifying        : perl-constant-1.33-396.el8.noarch                                                                                                 20/48
  Verifying        : perl-Socket-4:2.027-3.el8.x86_64                                                                                                  21/48
  Verifying        : perl-Data-Dumper-2.167-399.el8.x86_64                                                                                             22/48
  Verifying        : perl-Pod-Perldoc-3.28-396.el8.noarch                                                                                              23/48
  Verifying        : perl-Encode-4:2.97-3.el8.x86_64                                                                                                   24/48
  Verifying        : perl-Pod-Usage-4:1.69-395.el8.noarch                                                                                              25/48
  Verifying        : perl-Scalar-List-Utils-3:1.49-2.el8.x86_64                                                                                        26/48
  Verifying        : perl-Term-ANSIColor-4.06-396.el8.noarch                                                                                           27/48
  Verifying        : perl-interpreter-4:5.26.3-419.el8.x86_64                                                                                          28/48
  Verifying        : perl-PathTools-3.74-1.el8.x86_64                                                                                                  29/48
  Verifying        : perl-podlators-4.11-1.el8.noarch                                                                                                  30/48
  Verifying        : perl-IO-1.38-419.el8.x86_64                                                                                                       31/48
  Verifying        : perl-Time-Local-1:1.280-1.el8.noarch                                                                                              32/48
  Verifying        : perl-HTTP-Tiny-0.074-1.el8.noarch                                                                                                 33/48
  Verifying        : perl-MIME-Base64-3.15-396.el8.x86_64                                                                                              34/48
  Verifying        : perl-parent-1:0.237-1.el8.noarch                                                                                                  35/48
  Verifying        : perl-Pod-Escapes-1:1.07-395.el8.noarch                                                                                            36/48
  Verifying        : emacs-filesystem-1:26.1-5.el8.noarch                                                                                              37/48
  Verifying        : perl-Storable-1:3.11-3.el8.x86_64                                                                                                 38/48
  Verifying        : perl-Text-Tabs+Wrap-2013.0523-395.el8.noarch                                                                                      39/48
  Verifying        : perl-Exporter-5.72-396.el8.noarch                                                                                                 40/48
  Verifying        : perl-File-Temp-0.230.600-1.el8.noarch                                                                                             41/48
  Verifying        : perl-Unicode-Normalize-1.25-396.el8.x86_64                                                                                        42/48
  Verifying        : perl-macros-4:5.26.3-419.el8.x86_64                                                                                               43/48
  Verifying        : perl-File-Path-2.15-2.el8.noarch                                                                                                  44/48
  Verifying        : perl-threads-1:2.21-2.el8.x86_64                                                                                                  45/48
  Verifying        : perl-Text-ParseWords-3.30-395.el8.noarch                                                                                          46/48
  Verifying        : perl-Term-Cap-1.17-395.el8.noarch                                                                                                 47/48
  Verifying        : perl-Pod-Simple-1:3.35-395.el8.noarch                                                                                             48/48
Installed products updated.

Installed:
  emacs-filesystem-1:26.1-5.el8.noarch                                        git-2.27.0-1.el8.x86_64
  git-core-2.27.0-1.el8.x86_64                                                git-core-doc-2.27.0-1.el8.noarch
  perl-Carp-1.42-396.el8.noarch                                               perl-Data-Dumper-2.167-399.el8.x86_64
  perl-Digest-1.17-395.el8.noarch                                             perl-Digest-MD5-2.55-396.el8.x86_64
  perl-Encode-4:2.97-3.el8.x86_64                                             perl-Errno-1.28-419.el8.x86_64
  perl-Error-1:0.17025-2.el8.noarch                                           perl-Exporter-5.72-396.el8.noarch
  perl-File-Path-2.15-2.el8.noarch                                            perl-File-Temp-0.230.600-1.el8.noarch
  perl-Getopt-Long-1:2.50-4.el8.noarch                                        perl-Git-2.27.0-1.el8.noarch
  perl-HTTP-Tiny-0.074-1.el8.noarch                                           perl-IO-1.38-419.el8.x86_64
  perl-IO-Socket-IP-0.39-5.el8.noarch                                         perl-IO-Socket-SSL-2.066-4.module+el8.3.0+6446+594cad75.noarch
  perl-MIME-Base64-3.15-396.el8.x86_64                                        perl-Mozilla-CA-20160104-7.module+el8.3.0+6498+9eecfe51.noarch
  perl-Net-SSLeay-1.88-1.module+el8.3.0+6446+594cad75.x86_64                  perl-PathTools-3.74-1.el8.x86_64
  perl-Pod-Escapes-1:1.07-395.el8.noarch                                      perl-Pod-Perldoc-3.28-396.el8.noarch
  perl-Pod-Simple-1:3.35-395.el8.noarch                                       perl-Pod-Usage-4:1.69-395.el8.noarch
  perl-Scalar-List-Utils-3:1.49-2.el8.x86_64                                  perl-Socket-4:2.027-3.el8.x86_64
  perl-Storable-1:3.11-3.el8.x86_64                                           perl-Term-ANSIColor-4.06-396.el8.noarch
  perl-Term-Cap-1.17-395.el8.noarch                                           perl-TermReadKey-2.37-7.el8.x86_64
  perl-Text-ParseWords-3.30-395.el8.noarch                                    perl-Text-Tabs+Wrap-2013.0523-395.el8.noarch
  perl-Time-Local-1:1.280-1.el8.noarch                                        perl-URI-1.73-3.el8.noarch
  perl-Unicode-Normalize-1.25-396.el8.x86_64                                  perl-constant-1.33-396.el8.noarch
  perl-interpreter-4:5.26.3-419.el8.x86_64                                    perl-libnet-3.11-3.el8.noarch
  perl-libs-4:5.26.3-419.el8.x86_64                                           perl-macros-4:5.26.3-419.el8.x86_64
  perl-parent-1:0.237-1.el8.noarch                                            perl-podlators-4.11-1.el8.noarch
  perl-threads-1:2.21-2.el8.x86_64                                            perl-threads-shared-1.58-2.el8.x86_64

Complete!
[root@ip-172-31-18-38 ~]# git clone https://github.com/saiunanimous/krishna-nani.git
Cloning into 'krishna-nani'...
warning: You appear to have cloned an empty repository.
[root@ip-172-31-18-38 ~]# cd /opt
[root@ip-172-31-18-38 opt]# ls
[root@ip-172-31-18-38 opt]# git clone https://github.com/saiunanimous/krishna-nani.git
Cloning into 'krishna-nani'...
warning: You appear to have cloned an empty repository.
[root@ip-172-31-18-38 opt]# ls
krishna-nani
[root@ip-172-31-18-38 opt]# cd krishna-nani
[root@ip-172-31-18-38 krishna-nani]# ls
[root@ip-172-31-18-38 krishna-nani]# touch f1.txt
[root@ip-172-31-18-38 krishna-nani]# vi f1.txt
[root@ip-172-31-18-38 krishna-nani]# cat f1.txt
 iam a conflict
[root@ip-172-31-18-38 krishna-nani]# git branch -a
[root@ip-172-31-18-38 krishna-nani]# git add f1.txt
[root@ip-172-31-18-38 krishna-nani]# git commit -m " i am in master"
[master (root-commit) bfd5ea7]  i am in master
 Committer: root <root@ip-172-31-18-38.us-east-2.compute.internal>
Your name and email address were configured automatically based
on your username and hostname. Please check that they are accurate.
You can suppress this message by setting them explicitly. Run the
following command and follow the instructions in your editor to edit
your configuration file:

    git config --global --edit

After doing this, you may fix the identity used for this commit with:

    git commit --amend --reset-author

 1 file changed, 1 insertion(+)
 create mode 100644 f1.txt
[root@ip-172-31-18-38 krishna-nani]# git log --oneline
bfd5ea7 (HEAD -> master)  i am in master
[root@ip-172-31-18-38 krishna-nani]# git branch development
[root@ip-172-31-18-38 krishna-nani]# git checkout development
Switched to branch 'development'
[root@ip-172-31-18-38 krishna-nani]# ls
f1.txt
[root@ip-172-31-18-38 krishna-nani]# git cherry-pick bfd5ea7
On branch development
You are currently cherry-picking commit bfd5ea7.
  (all conflicts fixed: run "git cherry-pick --continue")
  (use "git cherry-pick --skip" to skip this patch)
  (use "git cherry-pick --abort" to cancel the cherry-pick operation)

nothing to commit, working tree clean
The previous cherry-pick is now empty, possibly due to conflict resolution.
If you wish to commit it anyway, use:

    git commit --allow-empty

Otherwise, please use 'git cherry-pick --skip'
[root@ip-172-31-18-38 krishna-nani]# ls
f1.txt
[root@ip-172-31-18-38 krishna-nani]# git branch
* development
  master
[root@ip-172-31-18-38 krishna-nani]# ls
f1.txt
[root@ip-172-31-18-38 krishna-nani]# ^C
[root@ip-172-31-18-38 krishna-nani]# vi f1.txt
[root@ip-172-31-18-38 krishna-nani]# git add f1.txt
[root@ip-172-31-18-38 krishna-nani]# git commit -m "i am modified"
[development 4495bf3] i am modified
 Date: Fri Jun 25 01:52:35 2021 +0000
 Committer: root <root@ip-172-31-18-38.us-east-2.compute.internal>
Your name and email address were configured automatically based
on your username and hostname. Please check that they are accurate.
You can suppress this message by setting them explicitly. Run the
following command and follow the instructions in your editor to edit
your configuration file:

    git config --global --edit

After doing this, you may fix the identity used for this commit with:

    git commit --amend --reset-author

 1 file changed, 1 insertion(+)
[root@ip-172-31-18-38 krishna-nani]# git checkout master
Switched to branch 'master'
Your branch is based on 'origin/master', but the upstream is gone.
  (use "git branch --unset-upstream" to fixup)
[root@ip-172-31-18-38 krishna-nani]# git branch
  development
* master
[root@ip-172-31-18-38 krishna-nani]# git merge development
Updating bfd5ea7..4495bf3
Fast-forward
 f1.txt | 1 +
 1 file changed, 1 insertion(+)
[root@ip-172-31-18-38 krishna-nani]# cat f1.txt
 iam a conflict
i want a conflict
[root@ip-172-31-18-38 krishna-nani]# vi f1.txt
[root@ip-172-31-18-38 krishna-nani]# git add f1.txt
[root@ip-172-31-18-38 krishna-nani]# git commit -m "i am master"
[master 0490ec1] i am master
 Committer: root <root@ip-172-31-18-38.us-east-2.compute.internal>
Your name and email address were configured automatically based
on your username and hostname. Please check that they are accurate.
You can suppress this message by setting them explicitly. Run the
following command and follow the instructions in your editor to edit
your configuration file:

    git config --global --edit

After doing this, you may fix the identity used for this commit with:

    git commit --amend --reset-author

 1 file changed, 2 insertions(+), 1 deletion(-)
[root@ip-172-31-18-38 krishna-nani]# git checkout development
Switched to branch 'development'
[root@ip-172-31-18-38 krishna-nani]# vi f1.txt
[root@ip-172-31-18-38 krishna-nani]# git add f1.txt
[root@ip-172-31-18-38 krishna-nani]# git commit -m "i am developmet"
[development 1ed0427] i am developmet
 Committer: root <root@ip-172-31-18-38.us-east-2.compute.internal>
Your name and email address were configured automatically based
on your username and hostname. Please check that they are accurate.
You can suppress this message by setting them explicitly. Run the
following command and follow the instructions in your editor to edit
your configuration file:

    git config --global --edit

After doing this, you may fix the identity used for this commit with:

    git commit --amend --reset-author

 1 file changed, 1 insertion(+)
[root@ip-172-31-18-38 krishna-nani]# git merge master
Auto-merging f1.txt
CONFLICT (content): Merge conflict in f1.txt
Automatic merge failed; fix conflicts and then commit the result.
[root@ip-172-31-18-38 krishna-nani]# vi f1.txt
[root@ip-172-31-18-38 krishna-nani]# git add f1.txt
[root@ip-172-31-18-38 krishna-nani]# git commit -m "code conflict resolved"
[development b00f5f9] code conflict resolved
 Committer: root <root@ip-172-31-18-38.us-east-2.compute.internal>
Your name and email address were configured automatically based
on your username and hostname. Please check that they are accurate.
You can suppress this message by setting them explicitly. Run the
following command and follow the instructions in your editor to edit
your configuration file:

    git config --global --edit

After doing this, you may fix the identity used for this commit with:

    git commit --amend --reset-author

[root@ip-172-31-18-38 krishna-nani]# cat f1.txt
 iam a conflict
<<<<<<< HEAD
i want a conflict
i am development
=======

[root@ip-172-31-18-38 krishna-nani]# git log --oneline
b00f5f9 (HEAD -> development) code conflict resolved
1ed0427 i am developmet
0490ec1 (master) i am master
4495bf3 i am modified
bfd5ea7  i am in master
[root@ip-172-31-18-38 krishna-nani]# git chekout master
git: 'chekout' is not a git command. See 'git --help'.

The most similar command is
        checkout
[root@ip-172-31-18-38 krishna-nani]# touch reset.txt
[root@ip-172-31-18-38 krishna-nani]# vi reset.txt
[root@ip-172-31-18-38 krishna-nani]# git add reset.txt
[root@ip-172-31-18-38 krishna-nani]# git commit -m "resetting"
[development 2e75c09] resetting
 Committer: root <root@ip-172-31-18-38.us-east-2.compute.internal>
Your name and email address were configured automatically based
on your username and hostname. Please check that they are accurate.
You can suppress this message by setting them explicitly. Run the
following command and follow the instructions in your editor to edit
your configuration file:

    git config --global --edit

After doing this, you may fix the identity used for this commit with:

    git commit --amend --reset-author

 1 file changed, 1 insertion(+)
 create mode 100644 reset.txt
[root@ip-172-31-18-38 krishna-nani]# git log --oneline
2e75c09 (HEAD -> development) resetting
b00f5f9 code conflict resolved
1ed0427 i am developmet
0490ec1 (master) i am master
4495bf3 i am modified
bfd5ea7  i am in master
[root@ip-172-31-18-38 krishna-nani]# git reflog
2e75c09 (HEAD -> development) HEAD@{0}: commit: resetting
b00f5f9 HEAD@{1}: commit (merge): code conflict resolved
1ed0427 HEAD@{2}: commit: i am developmet
4495bf3 HEAD@{3}: checkout: moving from master to development
0490ec1 (master) HEAD@{4}: commit: i am master
4495bf3 HEAD@{5}: merge development: Fast-forward
bfd5ea7 HEAD@{6}: checkout: moving from development to master
4495bf3 HEAD@{7}: commit (cherry-pick): i am modified
bfd5ea7 HEAD@{8}: checkout: moving from master to development
bfd5ea7 HEAD@{9}: commit (initial): i am in master
[root@ip-172-31-18-38 krishna-nani]# git research --soft
git: 'research' is not a git command. See 'git --help'.
[root@ip-172-31-18-38 krishna-nani]# git research --soft HEAD~1
git: 'research' is not a git command. See 'git --help'.
[root@ip-172-31-18-38 krishna-nani]# git reset --soft HEAD~1
[root@ip-172-31-18-38 krishna-nani]# git status
On branch development
Changes to be committed:
  (use "git restore --staged <file>..." to unstage)
        new file:   reset.txt

[root@ip-172-31-18-38 krishna-nani]# cat reset.txt
i ma resetting
[root@ip-172-31-18-38 krishna-nani]# git commit -m "committig again"
[development efcc733] committig again
 Committer: root <root@ip-172-31-18-38.us-east-2.compute.internal>
Your name and email address were configured automatically based
on your username and hostname. Please check that they are accurate.
You can suppress this message by setting them explicitly. Run the
following command and follow the instructions in your editor to edit
your configuration file:

    git config --global --edit

After doing this, you may fix the identity used for this commit with:

    git commit --amend --reset-author

 1 file changed, 1 insertion(+)
 create mode 100644 reset.txt
[root@ip-172-31-18-38 krishna-nani]# git reflog
efcc733 (HEAD -> development) HEAD@{0}: commit: committig again
b00f5f9 HEAD@{1}: reset: moving to HEAD~1
2e75c09 HEAD@{2}: commit: resetting
b00f5f9 HEAD@{3}: commit (merge): code conflict resolved
1ed0427 HEAD@{4}: commit: i am developmet
4495bf3 HEAD@{5}: checkout: moving from master to development
0490ec1 (master) HEAD@{6}: commit: i am master
4495bf3 HEAD@{7}: merge development: Fast-forward
bfd5ea7 HEAD@{8}: checkout: moving from development to master
4495bf3 HEAD@{9}: commit (cherry-pick): i am modified
bfd5ea7 HEAD@{10}: checkout: moving from master to development
bfd5ea7 HEAD@{11}: commit (initial): i am in master
[root@ip-172-31-18-38 krishna-nani]# git reset --mixed HEAD~1
[root@ip-172-31-18-38 krishna-nani]# git status
On branch development
Untracked files:
  (use "git add <file>..." to include in what will be committed)
        reset.txt

nothing added to commit but untracked files present (use "git add" to track)
[root@ip-172-31-18-38 krishna-nani]# cat reset.txt
i ma resetting
[root@ip-172-31-18-38 krishna-nani]# git add reset.txt
[root@ip-172-31-18-38 krishna-nani]# git commit -m "committing second  again"
[development 2c75658] committing second  again
 Committer: root <root@ip-172-31-18-38.us-east-2.compute.internal>
Your name and email address were configured automatically based
on your username and hostname. Please check that they are accurate.
You can suppress this message by setting them explicitly. Run the
following command and follow the instructions in your editor to edit
your configuration file:

    git config --global --edit

After doing this, you may fix the identity used for this commit with:

    git commit --amend --reset-author

 1 file changed, 1 insertion(+)
 create mode 100644 reset.txt
[root@ip-172-31-18-38 krishna-nani]# git reflog
2c75658 (HEAD -> development) HEAD@{0}: commit: committing second again
b00f5f9 HEAD@{1}: reset: moving to HEAD~1
efcc733 HEAD@{2}: commit: committig again
b00f5f9 HEAD@{3}: reset: moving to HEAD~1
2e75c09 HEAD@{4}: commit: resetting
b00f5f9 HEAD@{5}: commit (merge): code conflict resolved
1ed0427 HEAD@{6}: commit: i am developmet
4495bf3 HEAD@{7}: checkout: moving from master to development
0490ec1 (master) HEAD@{8}: commit: i am master
4495bf3 HEAD@{9}: merge development: Fast-forward
bfd5ea7 HEAD@{10}: checkout: moving from development to master
4495bf3 HEAD@{11}: commit (cherry-pick): i am modified
bfd5ea7 HEAD@{12}: checkout: moving from master to development
bfd5ea7 HEAD@{13}: commit (initial): i am in master
[root@ip-172-31-18-38 krishna-nani]# git reset --hard HEAD~1
HEAD is now at b00f5f9 code conflict resolved
[root@ip-172-31-18-38 krishna-nani]# ls
f1.txt
[root@ip-172-31-18-38 krishna-nani]# git reflog
b00f5f9 (HEAD -> development) HEAD@{0}: reset: moving to HEAD~1
2c75658 HEAD@{1}: commit: committing second again
b00f5f9 (HEAD -> development) HEAD@{2}: reset: moving to HEAD~1
efcc733 HEAD@{3}: commit: committig again
b00f5f9 (HEAD -> development) HEAD@{4}: reset: moving to HEAD~1
2e75c09 HEAD@{5}: commit: resetting
b00f5f9 (HEAD -> development) HEAD@{6}: commit (merge): code conflict resolved
1ed0427 HEAD@{7}: commit: i am developmet
4495bf3 HEAD@{8}: checkout: moving from master to development
0490ec1 (master) HEAD@{9}: commit: i am master
4495bf3 HEAD@{10}: merge development: Fast-forward
bfd5ea7 HEAD@{11}: checkout: moving from development to master
4495bf3 HEAD@{12}: commit (cherry-pick): i am modified
bfd5ea7 HEAD@{13}: checkout: moving from master to development
bfd5ea7 HEAD@{14}: commit (initial): i am in master
[root@ip-172-31-18-38 krishna-nani]# git reset --hard HEAD@{b00f5f9}
warning: log for 'HEAD' only goes back to Fri, 25 Jun 2021 01:52:35 +0000
warning: log for 'HEAD' only goes back to Fri, 25 Jun 2021 01:52:35 +0000
HEAD is now at bfd5ea7  i am in master
[root@ip-172-31-18-38 krishna-nani]# touch asd.txt
[root@ip-172-31-18-38 krishna-nani]# git add asd.txt
[root@ip-172-31-18-38 krishna-nani]# git commit -m "commit1"
[development 54f2b18] commit1
 Committer: root <root@ip-172-31-18-38.us-east-2.compute.internal>
Your name and email address were configured automatically based
on your username and hostname. Please check that they are accurate.
You can suppress this message by setting them explicitly. Run the
following command and follow the instructions in your editor to edit
your configuration file:

    git config --global --edit

After doing this, you may fix the identity used for this commit with:

    git commit --amend --reset-author

 1 file changed, 0 insertions(+), 0 deletions(-)
 create mode 100644 asd.txt
[root@ip-172-31-18-38 krishna-nani]# vi asd.txt
[root@ip-172-31-18-38 krishna-nani]# git add asd.txt
[root@ip-172-31-18-38 krishna-nani]# git commit -m "commit 2"
[development 77a3316] commit 2
 Committer: root <root@ip-172-31-18-38.us-east-2.compute.internal>
Your name and email address were configured automatically based
on your username and hostname. Please check that they are accurate.
You can suppress this message by setting them explicitly. Run the
following command and follow the instructions in your editor to edit
your configuration file:

    git config --global --edit

After doing this, you may fix the identity used for this commit with:

    git commit --amend --reset-author

 1 file changed, 1 insertion(+)
[root@ip-172-31-18-38 krishna-nani]# git log --oneline
77a3316 (HEAD -> development) commit 2
54f2b18 commit1
bfd5ea7  i am in master
[root@ip-172-31-18-38 krishna-nani]# git revert 77a3316
[development f73d07b] i want to revert:#
 Committer: root <root@ip-172-31-18-38.us-east-2.compute.internal>
Your name and email address were configured automatically based
on your username and hostname. Please check that they are accurate.
You can suppress this message by setting them explicitly. Run the
following command and follow the instructions in your editor to edit
your configuration file:

    git config --global --edit

After doing this, you may fix the identity used for this commit with:

    git commit --amend --reset-author

 1 file changed, 1 deletion(-)
[root@ip-172-31-18-38 krishna-nani]# cat asd.txt
[root@ip-172-31-18-38 krishna-nani]# git log --oneline
f73d07b (HEAD -> development) i want to revert:#
77a3316 commit 2
54f2b18 commit1
bfd5ea7  i am in master
[root@ip-172-31-18-38 krishna-nani]# git revert f73d07b
Aborting commit due to empty commit message.
[root@ip-172-31-18-38 krishna-nani]# cat asd.txt
modify 2`
[root@ip-172-31-18-38 krishna-nani]# git log --oneline
f73d07b (HEAD -> development) i want to revert:#
77a3316 commit 2
54f2b18 commit1
bfd5ea7  i am in master
[root@ip-172-31-18-38 krishna-nani]#
